// Jest Snapshot v1, https://goo.gl/fbAQLP

exports[`PageMain Should PageMain render correctly 1`] = `
Array [
  "",
  <section
    className="movie-card"
  >
    <div
      className="movie-card__bg"
    >
      <img
        alt="Interstate 60: Episodes of the Road"
        src="#978F7E"
      />
    </div>
    <h1
      className="visually-hidden"
    >
      WTW
    </h1>
    <header
      className="page-header movie-card__head"
    >
      <div
        className="logo"
      >
        <a
          className="logo__link"
          href="/"
          onClick={[Function]}
        >
          <span
            className="logo__letter logo__letter--1"
          >
            W
          </span>
          <span
            className="logo__letter logo__letter--2"
          >
            T
          </span>
          <span
            className="logo__letter logo__letter--3"
          >
            W
          </span>
        </a>
      </div>
      <div
        className="user-block"
      >
        <a
          href="/mylist"
          onClick={[Function]}
        >
          <div
            className="user-block__avatar"
          >
            <img
              alt="User avatar"
              height="63"
              src="https://i.kym-cdn.com/photos/images/newsfeed/000/607/429/84b.jpg"
              width="63"
            />
          </div>
        </a>
      </div>
    </header>
    <div
      className="movie-card__wrap"
    >
      <div
        className="movie-card__info"
      >
        <div
          className="movie-card__poster"
        >
          <img
            alt="Interstate 60: Episodes of the Road"
            height="327"
            src="https://m.media-amazon.com/images/M/MV5BZDYwYzlhOTAtNDAwMC00ZTBhLWI4M2QtMTA1NmJhYTdiNTkxXkEyXkFqcGdeQXVyNTM0NTU5Mg@@._V1_UX182_CR0,0,182,268_AL_.jpg"
            width="218"
          />
        </div>
        <div
          className="movie-card__desc"
        >
          <h2
            className="movie-card__title"
          >
            Interstate 60: Episodes of the Road
          </h2>
          <p
            className="movie-card__meta"
          >
            <span
              className="movie-card__genre"
            >
              Adeventure
            </span>
            <span
              className="movie-card__year"
            >
              2019
            </span>
          </p>
          <div
            className="movie-card__buttons"
          >
            <a
              className="btn btn--play movie-card__button"
              href="/player/29"
              onClick={[Function]}
              type="button"
            >
              <svg
                height="19"
                viewBox="0 0 19 19"
                width="19"
              >
                <use
                  xlinkHref="#play-s"
                />
              </svg>
              <span>
                Play
              </span>
            </a>
            <button
              className="btn btn--list movie-card__button"
              onClick={[Function]}
              type="button"
            >
              <svg
                height="20"
                viewBox="0 0 19 20"
                width="19"
              >
                <use
                  xlinkHref="#in-list"
                />
              </svg>
              <span>
                In list
              </span>
            </button>
            
          </div>
        </div>
      </div>
    </div>
  </section>,
  <div
    className="page-content"
  >
    <section
      className="catalog"
    >
      <h2
        className="catalog__title visually-hidden"
      >
        Catalog
      </h2>
      <ul
        className="catalog__genres-list"
      >
        <li
          className="catalog__genres-item"
          onClick={[Function]}
        >
          <a
            className="catalog__genres-link"
            href="#"
          >
            Comedy
          </a>
        </li>
        <li
          className="catalog__genres-item catalog__genres-item--active"
          onClick={[Function]}
        >
          <a
            className="catalog__genres-link"
            href="#"
          >
            Adventure
          </a>
        </li>
        <li
          className="catalog__genres-item"
          onClick={[Function]}
        >
          <a
            className="catalog__genres-link"
            href="#"
          >
            Crime
          </a>
        </li>
        <li
          className="catalog__genres-item"
          onClick={[Function]}
        >
          <a
            className="catalog__genres-link"
            href="#"
          >
            Historical
          </a>
        </li>
        <li
          className="catalog__genres-item"
          onClick={[Function]}
        >
          <a
            className="catalog__genres-link"
            href="#"
          >
            Thriller
          </a>
        </li>
        <li
          className="catalog__genres-item"
          onClick={[Function]}
        >
          <a
            className="catalog__genres-link"
            href="#"
          >
            Drama
          </a>
        </li>
      </ul>
      <div
        className="catalog__movies-list"
      >
        <article
          className="small-movie-card catalog__movies-card"
        >
          <a
            className="small-movie-card__link"
            href="/films/29"
            onClick={[Function]}
          >
            <div
              className="small-movie-card__image"
              onMouseEnter={[Function]}
              onMouseLeave={[Function]}
            >
              <video
                autoPlay={false}
                height="175"
                muted={true}
                poster="https://thenewswheel.com/wp-content/uploads/2014/08/Interstate-60-review-BMW-convertible-James-Marsden-8-ball.jpg"
                src="https://upload.wikimedia.org/wikipedia/commons/transcoded/b/b3/Big_Buck_Bunny_Trailer_400p.ogv/Big_Buck_Bunny_Trailer_400p.ogv.360p.webm"
                width="280"
              />
            </div>
            <h3
              className="small-movie-card__title"
            >
              <span
                className="small-movie-card__link"
              >
                Interstate 60: Episodes of the Road
              </span>
            </h3>
          </a>
        </article>
        <article
          className="small-movie-card catalog__movies-card"
        >
          <a
            className="small-movie-card__link"
            href="/films/29"
            onClick={[Function]}
          >
            <div
              className="small-movie-card__image"
              onMouseEnter={[Function]}
              onMouseLeave={[Function]}
            >
              <video
                autoPlay={false}
                height="175"
                muted={true}
                poster="https://thenewswheel.com/wp-content/uploads/2014/08/Interstate-60-review-BMW-convertible-James-Marsden-8-ball.jpg"
                src="https://upload.wikimedia.org/wikipedia/commons/transcoded/b/b3/Big_Buck_Bunny_Trailer_400p.ogv/Big_Buck_Bunny_Trailer_400p.ogv.360p.webm"
                width="280"
              />
            </div>
            <h3
              className="small-movie-card__title"
            >
              <span
                className="small-movie-card__link"
              >
                Interstate 60: Episodes of the Road
              </span>
            </h3>
          </a>
        </article>
        <article
          className="small-movie-card catalog__movies-card"
        >
          <a
            className="small-movie-card__link"
            href="/films/29"
            onClick={[Function]}
          >
            <div
              className="small-movie-card__image"
              onMouseEnter={[Function]}
              onMouseLeave={[Function]}
            >
              <video
                autoPlay={false}
                height="175"
                muted={true}
                poster="https://thenewswheel.com/wp-content/uploads/2014/08/Interstate-60-review-BMW-convertible-James-Marsden-8-ball.jpg"
                src="https://upload.wikimedia.org/wikipedia/commons/transcoded/b/b3/Big_Buck_Bunny_Trailer_400p.ogv/Big_Buck_Bunny_Trailer_400p.ogv.360p.webm"
                width="280"
              />
            </div>
            <h3
              className="small-movie-card__title"
            >
              <span
                className="small-movie-card__link"
              >
                Interstate 60: Episodes of the Road
              </span>
            </h3>
          </a>
        </article>
        <article
          className="small-movie-card catalog__movies-card"
        >
          <a
            className="small-movie-card__link"
            href="/films/29"
            onClick={[Function]}
          >
            <div
              className="small-movie-card__image"
              onMouseEnter={[Function]}
              onMouseLeave={[Function]}
            >
              <video
                autoPlay={false}
                height="175"
                muted={true}
                poster="https://thenewswheel.com/wp-content/uploads/2014/08/Interstate-60-review-BMW-convertible-James-Marsden-8-ball.jpg"
                src="https://upload.wikimedia.org/wikipedia/commons/transcoded/b/b3/Big_Buck_Bunny_Trailer_400p.ogv/Big_Buck_Bunny_Trailer_400p.ogv.360p.webm"
                width="280"
              />
            </div>
            <h3
              className="small-movie-card__title"
            >
              <span
                className="small-movie-card__link"
              >
                Interstate 60: Episodes of the Road
              </span>
            </h3>
          </a>
        </article>
        <article
          className="small-movie-card catalog__movies-card"
        >
          <a
            className="small-movie-card__link"
            href="/films/29"
            onClick={[Function]}
          >
            <div
              className="small-movie-card__image"
              onMouseEnter={[Function]}
              onMouseLeave={[Function]}
            >
              <video
                autoPlay={false}
                height="175"
                muted={true}
                poster="https://thenewswheel.com/wp-content/uploads/2014/08/Interstate-60-review-BMW-convertible-James-Marsden-8-ball.jpg"
                src="https://upload.wikimedia.org/wikipedia/commons/transcoded/b/b3/Big_Buck_Bunny_Trailer_400p.ogv/Big_Buck_Bunny_Trailer_400p.ogv.360p.webm"
                width="280"
              />
            </div>
            <h3
              className="small-movie-card__title"
            >
              <span
                className="small-movie-card__link"
              >
                Interstate 60: Episodes of the Road
              </span>
            </h3>
          </a>
        </article>
      </div>
      
    </section>
    <footer
      className="page-footer"
    >
      <div
        className="logo"
      >
        <a
          className="logo__link logo__link--light"
          href="/"
          onClick={[Function]}
        >
          <span
            className="logo__letter logo__letter--1"
          >
            W
          </span>
          <span
            className="logo__letter logo__letter--2"
          >
            T
          </span>
          <span
            className="logo__letter logo__letter--3"
          >
            W
          </span>
        </a>
      </div>
      <div
        className="copyright"
      >
        <p>
          © 2019 What to watch Ltd.
        </p>
      </div>
    </footer>
  </div>,
  ",",
]
`;
