// Jest Snapshot v1, https://goo.gl/fbAQLP

exports[`Filter Should Filter render correctly 1`] = `
<ul
  className="catalog__genres-list"
>
  <li
    className="catalog__genres-item"
    onClick={[Function]}
  >
    <a
      className="catalog__genres-link"
      href="#"
    >
      Comedy
    </a>
  </li>
  <li
    className="catalog__genres-item catalog__genres-item--active"
    onClick={[Function]}
  >
    <a
      className="catalog__genres-link"
      href="#"
    >
      Adventure
    </a>
  </li>
  <li
    className="catalog__genres-item"
    onClick={[Function]}
  >
    <a
      className="catalog__genres-link"
      href="#"
    >
      Crime
    </a>
  </li>
  <li
    className="catalog__genres-item"
    onClick={[Function]}
  >
    <a
      className="catalog__genres-link"
      href="#"
    >
      Historical
    </a>
  </li>
  <li
    className="catalog__genres-item"
    onClick={[Function]}
  >
    <a
      className="catalog__genres-link"
      href="#"
    >
      Thriller
    </a>
  </li>
  <li
    className="catalog__genres-item"
    onClick={[Function]}
  >
    <a
      className="catalog__genres-link"
      href="#"
    >
      Drama
    </a>
  </li>
</ul>
`;
