// Jest Snapshot v1, https://goo.gl/fbAQLP

exports[`Review Should Review render correctly 1`] = `
<div
  className="review"
>
  <blockquote
    className="review__quote"
  >
    <p
      className="review__text"
    >
      Such a nice film! But I haven't seen any mushrooms. Hope to see it in the sequel
    </p>
    <footer
      className="review__details"
    >
      <cite
        className="review__author"
      >
        Luigi
      </cite>
      <time
        className="review__date"
        dateTime="2020-10-6"
      >
        October 6, 2020
      </time>
    </footer>
  </blockquote>
  <div
    className="review__rating"
  >
    8.3
  </div>
</div>
`;
