// Jest Snapshot v1, https://goo.gl/fbAQLP

exports[`SmallFilmCard Should SmallFilmCard render correctly 1`] = `
<article
  className="small-movie-card catalog__movies-card"
>
  <a
    className="small-movie-card__link"
    href="/films/1"
    onClick={[Function]}
  >
    <div
      className="small-movie-card__image"
      onMouseEnter={[Function]}
      onMouseLeave={[Function]}
    >
      <video
        autoPlay={false}
        height="175"
        muted={true}
        poster="https://thenewswheel.com/wp-content/uploads/2014/08/Interstate-60-review-BMW-convertible-James-Marsden-8-ball.jpg"
        src="https://upload.wikimedia.org/wikipedia/commons/transcoded/b/b3/Big_Buck_Bunny_Trailer_400p.ogv/Big_Buck_Bunny_Trailer_400p.ogv.360p.webm"
        width="280"
      />
    </div>
    <h3
      className="small-movie-card__title"
    >
      <span
        className="small-movie-card__link"
      >
        
      </span>
    </h3>
  </a>
</article>
`;
